shepherd2: app hello already exists
-----> Setting config vars
       SHEPHERD_GIT_URL:  file:///srv/probe-repos/karibu-helloworld-application-maven
       SHEPHERD_OWNER:    mavi@vaadin.com
=====> Setting resource limits for hello
       cpu: 1
       memory: 256m
=====> Setting resource limits for hello (build)
       cpu: 2
       memory: 2g
shepherd2: network app-hello already exists
=====> Setting initial-network to app-hello
-----> Cloning hello from file:///srv/probe-repos/karibu-helloworld-application-maven#master
       Detected branch, setting deploy-branch to master
-----> Cleaning up...
-----> Building hello from herokuish
-----> Setting config vars
       CURL_CONNECT_TIMEOUT:  90
-----> Setting config vars
       CURL_TIMEOUT:  600
-----> Adding BUILD_ENV to build environment...
       BUILD_ENV added successfully
       -----> Fetching custom buildpack heroku/heroku-buildpack-java
Cloning into '/tmp/buildpacks/custom'...
       -----> Java app detected
-----> Installing Azul Zulu OpenJDK 21.0.12.1
-----> Executing Maven
       $ ./mvnw -DskipTests clean dependency:list install
       [INFO] Scanning for projects...
       [INFO]
       [INFO] ----------< com.example:karibu-helloworld-application-maven >-----------
       [INFO] Building Karibu-DSL HelloWorld Application for Maven 1.0-SNAPSHOT
       [INFO] --------------------------------[ jar ]---------------------------------
       [INFO]
       [INFO] --- maven-clean-plugin:2.5:clean (default-clean) @ karibu-helloworld-application-maven ---
       [INFO]
       [INFO] --- maven-dependency-plugin:2.8:list (default-cli) @ karibu-helloworld-application-maven ---
       [INFO]
       [INFO] --- maven-resources-plugin:2.6:resources (default-resources) @ karibu-helloworld-application-maven ---
       [INFO] Using 'UTF-8' encoding to copy filtered resources.
       [INFO] Copying 3 resources
       [INFO]
       [INFO] --- maven-compiler-plugin:3.13.0:compile (default-compile) @ karibu-helloworld-application-maven ---
       [INFO] Recompiling the module because of changed dependency.
       [INFO]
       [INFO] --- kotlin-maven-plugin:2.4.10:compile (compile) @ karibu-helloworld-application-maven ---
       [INFO] starting the daemon as: /tmp/build/.jdk/bin/java -cp /cache/.m2/repository/org/jetbrains/kotlin/kotlin-build-tools-impl/2.4.10/kotlin-build-tools-impl-2.4.10.jar:/cache/.m2/repository/org/jetbrains/kotlin/kotlin-build-tools-api/2.4.10/kotlin-build-tools-api-2.4.10.jar:/cache/.m2/repository/org/jetbrains/kotlin/kotlin-stdlib/2.4.10/kotlin-stdlib-2.4.10.jar:/cache/.m2/repository/org/jetbrains/annotations/13.0/annotations-13.0.jar:/cache/.m2/repository/org/jetbrains/kotlin/kotlin-build-tools-cri-impl/2.4.10/kotlin-build-tools-cri-impl-2.4.10.jar:/cache/.m2/repository/org/jetbrains/kotlin/kotlin-compiler-embeddable/2.4.10/kotlin-compiler-embeddable-2.4.10.jar:/cache/.m2/repository/org/jetbrains/kotlin/kotlin-script-runtime/2.4.10/kotlin-script-runtime-2.4.10.jar:/cache/.m2/repository/org/jetbrains/kotlin/kotlin-reflect/1.6.10/kotlin-reflect-1.6.10.jar:/cache/.m2/repository/org/jetbrains/kotlin/kotlin-daemon-embeddable/2.4.10/kotlin-daemon-embeddable-2.4.10.jar:/cache/.m2/repository/org/jetbrains/kotlinx/kotlinx-coroutines-core-jvm/1.8.0/kotlinx-coroutines-core-jvm-1.8.0.jar:/cache/.m2/repository/org/jetbrains/kotlin/kotlin-compiler-runner/2.4.10/kotlin-compiler-runner-2.4.10.jar:/cache/.m2/repository/org/jetbrains/kotlin/kotlin-daemon-client/2.4.10/kotlin-daemon-client-2.4.10.jar:/cache/.m2/repository/org/jetbrains/kotlin/kotlin-scripting-compiler-embeddable/2.4.10/kotlin-scripting-compiler-embeddable-2.4.10.jar:/cache/.m2/repository/org/jetbrains/kotlin/kotlin-scripting-common/2.4.10/kotlin-scripting-common-2.4.10.jar:/cache/.m2/repository/org/jetbrains/kotlin/kotlin-scripting-jvm/2.4.10/kotlin-scripting-jvm-2.4.10.jar:/cache/.m2/repository/org/jetbrains/kotlin/kotlin-scripting-compiler-impl-embeddable/2.4.10/kotlin-scripting-compiler-impl-embeddable-2.4.10.jar -Djava.awt.headless=true -Djava.rmi.server.hostname=127.0.0.1 -Xmx1024m -XX:ReservedCodeCacheSize=320m -ea -Dkotlin.daemon.custom.run.files.path.for.tests=/tmp/build/.kotlin/daemon -XX:+UseCodeCacheFlushing -XX:+UseParallelGC -Dkotlin.daemon.initiator.marker.file=/tmp/kotlin-compiler-client-17842119009460328262-is-running --add-exports java.base/sun.nio.ch=ALL-UNNAMED org.jetbrains.kotlin.daemon.KotlinCompileDaemon --daemon-logsPath /tmp --daemon-logsFileSizeLimit=1048576 --daemon-logsFileCountLimit=3 --daemon-runFilesPath /tmp/build/.kotlin/daemon --daemon-autoshutdownIdleSeconds=7200 --daemon-shutdownDelayMilliseconds=1800000 --daemon-compilerClasspath /cache/.m2/repository/org/jetbrains/kotlin/kotlin-build-tools-impl/2.4.10/kotlin-build-tools-impl-2.4.10.jar:/cache/.m2/repository/org/jetbrains/kotlin/kotlin-build-tools-api/2.4.10/kotlin-build-tools-api-2.4.10.jar:/cache/.m2/repository/org/jetbrains/kotlin/kotlin-stdlib/2.4.10/kotlin-stdlib-2.4.10.jar:/cache/.m2/repository/org/jetbrains/annotations/13.0/annotations-13.0.jar:/cache/.m2/repository/org/jetbrains/kotlin/kotlin-build-tools-cri-impl/2.4.10/kotlin-build-tools-cri-impl-2.4.10.jar:/cache/.m2/repository/org/jetbrains/kotlin/kotlin-compiler-embeddable/2.4.10/kotlin-compiler-embeddable-2.4.10.jar:/cache/.m2/repository/org/jetbrains/kotlin/kotlin-script-runtime/2.4.10/kotlin-script-runtime-2.4.10.jar:/cache/.m2/repository/org/jetbrains/kotlin/kotlin-reflect/1.6.10/kotlin-reflect-1.6.10.jar:/cache/.m2/repository/org/jetbrains/kotlin/kotlin-daemon-embeddable/2.4.10/kotlin-daemon-embeddable-2.4.10.jar:/cache/.m2/repository/org/jetbrains/kotlinx/kotlinx-coroutines-core-jvm/1.8.0/kotlinx-coroutines-core-jvm-1.8.0.jar:/cache/.m2/repository/org/jetbrains/kotlin/kotlin-compiler-runner/2.4.10/kotlin-compiler-runner-2.4.10.jar:/cache/.m2/repository/org/jetbrains/kotlin/kotlin-daemon-client/2.4.10/kotlin-daemon-client-2.4.10.jar:/cache/.m2/repository/org/jetbrains/kotlin/kotlin-scripting-compiler-embeddable/2.4.10/kotlin-scripting-compiler-embeddable-2.4.10.jar:/cache/.m2/repository/org/jetbrains/kotlin/kotlin-scripting-common/2.4.10/kotlin-scripting-common-2.4.10.jar:/cache/.m2/repository/org/jetbrains/kotlin/kotlin-scripting-jvm/2.4.10/kotlin-scripting-jvm-2.4.10.jar:/cache/.m2/repository/org/jetbrains/kotlin/kotlin-scripting-compiler-impl-embeddable/2.4.10/kotlin-scripting-compiler-impl-embeddable-2.4.10.jar
       [INFO] #1 retrying connecting to the daemon
       [INFO] Options for KOTLIN DAEMON: CompilationOptions(compilerMode=NON_INCREMENTAL_COMPILER, targetPlatform=JVM, reportCategories=[0], reportSeverity=2, requestedCompilationResults=[0], kotlinScriptExtensions=null, generateCompilerRefIndex=false)
       [INFO]
       [INFO] --- maven-resources-plugin:2.6:testResources (default-testResources) @ karibu-helloworld-application-maven ---
       [INFO] Using 'UTF-8' encoding to copy filtered resources.
       [INFO] skip non existing resourceDirectory /tmp/build/src/test/resources
       [INFO]
       [INFO] --- maven-compiler-plugin:3.13.0:testCompile (default-testCompile) @ karibu-helloworld-application-maven ---
       [INFO] Recompiling the module because of changed dependency.
       [INFO]
       [INFO] --- kotlin-maven-plugin:2.4.10:test-compile (test-compile) @ karibu-helloworld-application-maven ---
       [INFO] Options for KOTLIN DAEMON: CompilationOptions(compilerMode=NON_INCREMENTAL_COMPILER, targetPlatform=JVM, reportCategories=[0], reportSeverity=2, requestedCompilationResults=[0], kotlinScriptExtensions=null, generateCompilerRefIndex=false)
       [INFO]
       [INFO] --- maven-surefire-plugin:3.3.1:test (default-test) @ karibu-helloworld-application-maven ---
       [INFO] Tests are skipped.
       [INFO]
       [INFO] --- vaadin-maven-plugin:25.2.6:build-frontend (default) @ karibu-helloworld-application-maven ---
       [INFO] ClassFinder initialized: 129 urls, 8591 classes scanned, 69 annotation types cached, 1864 subtype relationships cached, took 937ms
       [INFO] Scanning classes to find frontend configurations and dependencies...
       [INFO] Visited 2008 classes. Took 1852 ms.
       [INFO] Checking if a production mode bundle build is needed
       [INFO] A production mode bundle build is not needed
       [INFO] Copying frontend resources from jar files ...
       [INFO] Visited 139 resources. Took 107 ms.
       [INFO] PWA icons generated
       [INFO] Build frontend completed in 3722 ms.
       [INFO]
       [INFO] --- maven-jar-plugin:2.4:jar (default-jar) @ karibu-helloworld-application-maven ---
       [INFO] Building jar: /tmp/build/target/karibu-helloworld-application-maven-1.0-SNAPSHOT.jar
       [INFO]
       [INFO] --- maven-assembly-plugin:3.7.1:single (make-assembly) @ karibu-helloworld-application-maven ---
       [INFO] Reading assembly descriptor: src/main/assembly/zip.xml
       [INFO] Building zip: /tmp/build/target/karibu-helloworld-application-maven-1.0-SNAPSHOT-zip.zip
       [INFO] Building tar: /tmp/build/target/karibu-helloworld-application-maven-1.0-SNAPSHOT-zip.tar.gz
       [INFO] Copying files to /tmp/build/target/karibu-helloworld-application-maven-1.0-SNAPSHOT-zip
       [INFO] 127 files copied to /tmp/build/target/karibu-helloworld-application-maven-1.0-SNAPSHOT-zip
       [WARNING] Assembly file: /tmp/build/target/karibu-helloworld-application-maven-1.0-SNAPSHOT-zip is not a regular file (it may be a directory). It cannot be attached to the project build for installation or deployment.
       [INFO]
       [INFO] --- maven-install-plugin:2.4:install (default-install) @ karibu-helloworld-application-maven ---
       [INFO] Installing /tmp/build/target/karibu-helloworld-application-maven-1.0-SNAPSHOT.jar to /cache/.m2/repository/com/example/karibu-helloworld-application-maven/1.0-SNAPSHOT/karibu-helloworld-application-maven-1.0-SNAPSHOT.jar
       [INFO] Installing /tmp/build/pom.xml to /cache/.m2/repository/com/example/karibu-helloworld-application-maven/1.0-SNAPSHOT/karibu-helloworld-application-maven-1.0-SNAPSHOT.pom
       [INFO] Installing /tmp/build/target/karibu-helloworld-application-maven-1.0-SNAPSHOT-zip.zip to /cache/.m2/repository/com/example/karibu-helloworld-application-maven/1.0-SNAPSHOT/karibu-helloworld-application-maven-1.0-SNAPSHOT-zip.zip
       [INFO] Installing /tmp/build/target/karibu-helloworld-application-maven-1.0-SNAPSHOT-zip.tar.gz to /cache/.m2/repository/com/example/karibu-helloworld-application-maven/1.0-SNAPSHOT/karibu-helloworld-application-maven-1.0-SNAPSHOT-zip.tar.gz
       [INFO] ------------------------------------------------------------------------
       [INFO] BUILD SUCCESS
       [INFO] ------------------------------------------------------------------------
       [INFO] Total time:  02:12 min
       [INFO] Finished at: 2026-09-11T09:39:29Z
       [INFO] ------------------------------------------------------------------------
       -----> Discovering process types
       Procfile declares types -> web
-----> Releasing hello...
-----> Checking for predeploy task
       No predeploy task found, skipping
-----> Checking for release task
       No release task found, skipping
-----> Checking for heroku.postdeploy task
       No heroku.postdeploy task found, skipping
=====> Processing deployment checks
 !     No healthchecks found in app.json for web process type
       No web healthchecks found in app.json. Simple container checks will be performed.
       For more efficient zero downtime deployments, add healthchecks to your app.json. See https://dokku.com/docs/deployment/zero-downtime-deploys/ for examples
-----> Deploying hello via the docker-local scheduler...
-----> Deploying web (count=1)
       Attempting pre-flight checks (web.1)
-----> Executing 2 healthchecks
       Running healthcheck name='port listening check' attempts=3 port=5000 retries=2 timeout=5 type='listening' wait=5
       Running healthcheck name='default' type='uptime' uptime=10
=====> Start healthcheck output
       state=restarting
=====> End healthcheck output
 !     Failure in name='default': container has restarted 7 times
 !     Failure in name='port listening check': unable to enter the container to check that the process is bound to the correct port and interface: ensure runtime PID namespace is host
ccf91ed046fc84df00ac38253fc3d1f3585246498b746b1fb7c48b3adf6272f8
 !     Could not start due to 1 failed checks (web.1)
=====> Start of hello container output (ccf91ed046fc web.1)
       Setting JAVA_TOOL_OPTIONS defaults based on dyno size. Custom settings will override them.
       Picked up JAVA_TOOL_OPTIONS: -Dfile.encoding=UTF-8 -XX:MaxRAMPercentage=80.0
       2026-09-11 09:39:45.904 [main] INFO com.github.mvysny.vaadinboot.common.Env - Vaadin production mode is on: jar:file:/app/target/karibu-helloworld-application-maven-1.0-SNAPSHOT-zip/lib/karibu-helloworld-application-maven-1.0-SNAPSHOT.jar!/META-INF/VAADIN/config/flow-build-info.json contains '"productionMode": true'
       2026-09-11 09:39:45.955 [main] INFO com.github.mvysny.vaadinboot.common.VaadinBootBase - Starting App
       Exception in thread "main" java.lang.NoClassDefFoundError: jakarta/servlet/ServletContext
       	at com.github.mvysny.vaadinboot.common.JettyWebServer.createWebAppContext(JettyWebServer.java:134)
       	at com.github.mvysny.vaadinboot.common.JettyWebServer.configure(JettyWebServer.java:82)
       	at com.github.mvysny.vaadinboot.common.VaadinBootBase.start(VaadinBootBase.java:306)
       	at com.github.mvysny.vaadinboot.common.VaadinBootBase.run(VaadinBootBase.java:255)
       	at org.vaadin.example.MainKt.main(Main.kt:19)
       	at org.vaadin.example.MainKt.main(Main.kt)
       Caused by: java.lang.ClassNotFoundException: jakarta.servlet.ServletContext
       	at java.base/jdk.internal.loader.BuiltinClassLoader.loadClass(BuiltinClassLoader.java:641)
       	at java.base/jdk.internal.loader.ClassLoaders$AppClassLoader.loadClass(ClassLoaders.java:188)
       	at java.base/java.lang.ClassLoader.loadClass(ClassLoader.java:526)
       	... 6 more
       Setting JAVA_TOOL_OPTIONS defaults based on dyno size. Custom settings will override them.
       Picked up JAVA_TOOL_OPTIONS: -Dfile.encoding=UTF-8 -XX:MaxRAMPercentage=80.0
       2026-09-11 09:39:46.565 [main] INFO com.github.mvysny.vaadinboot.common.Env - Vaadin production mode is on: jar:file:/app/target/karibu-helloworld-application-maven-1.0-SNAPSHOT-zip/lib/karibu-helloworld-application-maven-1.0-SNAPSHOT.jar!/META-INF/VAADIN/config/flow-build-info.json contains '"productionMode": true'
       2026-09-11 09:39:46.567 [main] INFO com.github.mvysny.vaadinboot.common.VaadinBootBase - Starting App
       Exception in thread "main" java.lang.NoClassDefFoundError: jakarta/servlet/ServletContext
       	at com.github.mvysny.vaadinboot.common.JettyWebServer.createWebAppContext(JettyWebServer.java:134)
       	at com.github.mvysny.vaadinboot.common.JettyWebServer.configure(JettyWebServer.java:82)
       	at com.github.mvysny.vaadinboot.common.VaadinBootBase.start(VaadinBootBase.java:306)
       	at com.github.mvysny.vaadinboot.common.VaadinBootBase.run(VaadinBootBase.java:255)
       	at org.vaadin.example.MainKt.main(Main.kt:19)
       	at org.vaadin.example.MainKt.main(Main.kt)
       Caused by: java.lang.ClassNotFoundException: jakarta.servlet.ServletContext
       	at java.base/jdk.internal.loader.BuiltinClassLoader.loadClass(BuiltinClassLoader.java:641)
       	at java.base/jdk.internal.loader.ClassLoaders$AppClassLoader.loadClass(ClassLoaders.java:188)
       	at java.base/java.lang.ClassLoader.loadClass(ClassLoader.java:526)
       	... 6 more
       Setting JAVA_TOOL_OPTIONS defaults based on dyno size. Custom settings will override them.
       Picked up JAVA_TOOL_OPTIONS: -Dfile.encoding=UTF-8 -XX:MaxRAMPercentage=80.0
       2026-09-11 09:39:47.215 [main] INFO com.github.mvysny.vaadinboot.common.Env - Vaadin production mode is on: jar:file:/app/target/karibu-helloworld-application-maven-1.0-SNAPSHOT-zip/lib/karibu-helloworld-application-maven-1.0-SNAPSHOT.jar!/META-INF/VAADIN/config/flow-build-info.json contains '"productionMode": true'
       2026-09-11 09:39:47.217 [main] INFO com.github.mvysny.vaadinboot.common.VaadinBootBase - Starting App
       Exception in thread "main" java.lang.NoClassDefFoundError: jakarta/servlet/ServletContext
       	at com.github.mvysny.vaadinboot.common.JettyWebServer.createWebAppContext(JettyWebServer.java:134)
       	at com.github.mvysny.vaadinboot.common.JettyWebServer.configure(JettyWebServer.java:82)
       	at com.github.mvysny.vaadinboot.common.VaadinBootBase.start(VaadinBootBase.java:306)
       	at com.github.mvysny.vaadinboot.common.VaadinBootBase.run(VaadinBootBase.java:255)
       	at org.vaadin.example.MainKt.main(Main.kt:19)
       	at org.vaadin.example.MainKt.main(Main.kt)
       Caused by: java.lang.ClassNotFoundException: jakarta.servlet.ServletContext
       	at java.base/jdk.internal.loader.BuiltinClassLoader.loadClass(BuiltinClassLoader.java:641)
       	at java.base/jdk.internal.loader.ClassLoaders$AppClassLoader.loadClass(ClassLoaders.java:188)
       	at java.base/java.lang.ClassLoader.loadClass(ClassLoader.java:526)
       	... 6 more
       Setting JAVA_TOOL_OPTIONS defaults based on dyno size. Custom settings will override them.
       Picked up JAVA_TOOL_OPTIONS: -Dfile.encoding=UTF-8 -XX:MaxRAMPercentage=80.0
       2026-09-11 09:39:48.045 [main] INFO com.github.mvysny.vaadinboot.common.Env - Vaadin production mode is on: jar:file:/app/target/karibu-helloworld-application-maven-1.0-SNAPSHOT-zip/lib/karibu-helloworld-application-maven-1.0-SNAPSHOT.jar!/META-INF/VAADIN/config/flow-build-info.json contains '"productionMode": true'
       2026-09-11 09:39:48.047 [main] INFO com.github.mvysny.vaadinboot.common.VaadinBootBase - Starting App
       Exception in thread "main" java.lang.NoClassDefFoundError: jakarta/servlet/ServletContext
       	at com.github.mvysny.vaadinboot.common.JettyWebServer.createWebAppContext(JettyWebServer.java:134)
       	at com.github.mvysny.vaadinboot.common.JettyWebServer.configure(JettyWebServer.java:82)
       	at com.github.mvysny.vaadinboot.common.VaadinBootBase.start(VaadinBootBase.java:306)
       	at com.github.mvysny.vaadinboot.common.VaadinBootBase.run(VaadinBootBase.java:255)
       	at org.vaadin.example.MainKt.main(Main.kt:19)
       	at org.vaadin.example.MainKt.main(Main.kt)
       Caused by: java.lang.ClassNotFoundException: jakarta.servlet.ServletContext
       	at java.base/jdk.internal.loader.BuiltinClassLoader.loadClass(BuiltinClassLoader.java:641)
       	at java.base/jdk.internal.loader.ClassLoaders$AppClassLoader.loadClass(ClassLoaders.java:188)
       	at java.base/java.lang.ClassLoader.loadClass(ClassLoader.java:526)
       	... 6 more
       Setting JAVA_TOOL_OPTIONS defaults based on dyno size. Custom settings will override them.
       Picked up JAVA_TOOL_OPTIONS: -Dfile.encoding=UTF-8 -XX:MaxRAMPercentage=80.0
       2026-09-11 09:39:49.519 [main] INFO com.github.mvysny.vaadinboot.common.Env - Vaadin production mode is on: jar:file:/app/target/karibu-helloworld-application-maven-1.0-SNAPSHOT-zip/lib/karibu-helloworld-application-maven-1.0-SNAPSHOT.jar!/META-INF/VAADIN/config/flow-build-info.json contains '"productionMode": true'
       2026-09-11 09:39:49.522 [main] INFO com.github.mvysny.vaadinboot.common.VaadinBootBase - Starting App
       Exception in thread "main" java.lang.NoClassDefFoundError: jakarta/servlet/ServletContext
       	at com.github.mvysny.vaadinboot.common.JettyWebServer.createWebAppContext(JettyWebServer.java:134)
       	at com.github.mvysny.vaadinboot.common.JettyWebServer.configure(JettyWebServer.java:82)
       	at com.github.mvysny.vaadinboot.common.VaadinBootBase.start(VaadinBootBase.java:306)
       	at com.github.mvysny.vaadinboot.common.VaadinBootBase.run(VaadinBootBase.java:255)
       	at org.vaadin.example.MainKt.main(Main.kt:19)
       	at org.vaadin.example.MainKt.main(Main.kt)
       Caused by: java.lang.ClassNotFoundException: jakarta.servlet.ServletContext
       	at java.base/jdk.internal.loader.BuiltinClassLoader.loadClass(BuiltinClassLoader.java:641)
       	at java.base/jdk.internal.loader.ClassLoaders$AppClassLoader.loadClass(ClassLoaders.java:188)
       	at java.base/java.lang.ClassLoader.loadClass(ClassLoader.java:526)
       	... 6 more
       Setting JAVA_TOOL_OPTIONS defaults based on dyno size. Custom settings will override them.
       Picked up JAVA_TOOL_OPTIONS: -Dfile.encoding=UTF-8 -XX:MaxRAMPercentage=80.0
       2026-09-11 09:39:51.749 [main] INFO com.github.mvysny.vaadinboot.common.Env - Vaadin production mode is on: jar:file:/app/target/karibu-helloworld-application-maven-1.0-SNAPSHOT-zip/lib/karibu-helloworld-application-maven-1.0-SNAPSHOT.jar!/META-INF/VAADIN/config/flow-build-info.json contains '"productionMode": true'
       2026-09-11 09:39:51.755 [main] INFO com.github.mvysny.vaadinboot.common.VaadinBootBase - Starting App
       Exception in thread "main" java.lang.NoClassDefFoundError: jakarta/servlet/ServletContext
       	at com.github.mvysny.vaadinboot.common.JettyWebServer.createWebAppContext(JettyWebServer.java:134)
       	at com.github.mvysny.vaadinboot.common.JettyWebServer.configure(JettyWebServer.java:82)
       	at com.github.mvysny.vaadinboot.common.VaadinBootBase.start(VaadinBootBase.java:306)
       	at com.github.mvysny.vaadinboot.common.VaadinBootBase.run(VaadinBootBase.java:255)
       	at org.vaadin.example.MainKt.main(Main.kt:19)
       	at org.vaadin.example.MainKt.main(Main.kt)
       Caused by: java.lang.ClassNotFoundException: jakarta.servlet.ServletContext
       	at java.base/jdk.internal.loader.BuiltinClassLoader.loadClass(BuiltinClassLoader.java:641)
       	at java.base/jdk.internal.loader.ClassLoaders$AppClassLoader.loadClass(ClassLoaders.java:188)
       	at java.base/java.lang.ClassLoader.loadClass(ClassLoader.java:526)
       	... 6 more
       Setting JAVA_TOOL_OPTIONS defaults based on dyno size. Custom settings will override them.
       Picked up JAVA_TOOL_OPTIONS: -Dfile.encoding=UTF-8 -XX:MaxRAMPercentage=80.0
       2026-09-11 09:39:55.584 [main] INFO com.github.mvysny.vaadinboot.common.Env - Vaadin production mode is on: jar:file:/app/target/karibu-helloworld-application-maven-1.0-SNAPSHOT-zip/lib/karibu-helloworld-application-maven-1.0-SNAPSHOT.jar!/META-INF/VAADIN/config/flow-build-info.json contains '"productionMode": true'
       2026-09-11 09:39:55.587 [main] INFO com.github.mvysny.vaadinboot.common.VaadinBootBase - Starting App
       Exception in thread "main" java.lang.NoClassDefFoundError: jakarta/servlet/ServletContext
       	at com.github.mvysny.vaadinboot.common.JettyWebServer.createWebAppContext(JettyWebServer.java:134)
       	at com.github.mvysny.vaadinboot.common.JettyWebServer.configure(JettyWebServer.java:82)
       	at com.github.mvysny.vaadinboot.common.VaadinBootBase.start(VaadinBootBase.java:306)
       	at com.github.mvysny.vaadinboot.common.VaadinBootBase.run(VaadinBootBase.java:255)
       	at org.vaadin.example.MainKt.main(Main.kt:19)
       	at org.vaadin.example.MainKt.main(Main.kt)
       Caused by: java.lang.ClassNotFoundException: jakarta.servlet.ServletContext
       	at java.base/jdk.internal.loader.BuiltinClassLoader.loadClass(BuiltinClassLoader.java:641)
       	at java.base/jdk.internal.loader.ClassLoaders$AppClassLoader.loadClass(ClassLoaders.java:188)
       	at java.base/java.lang.ClassLoader.loadClass(ClassLoader.java:526)
       	... 6 more
=====> End of hello container output (ccf91ed046fc web.1)
=====> Start of hello container output (ccf91ed046fc web.1)
       Setting JAVA_TOOL_OPTIONS defaults based on dyno size. Custom settings will override them.
       Picked up JAVA_TOOL_OPTIONS: -Dfile.encoding=UTF-8 -XX:MaxRAMPercentage=80.0
       2026-09-11 09:39:45.904 [main] INFO com.github.mvysny.vaadinboot.common.Env - Vaadin production mode is on: jar:file:/app/target/karibu-helloworld-application-maven-1.0-SNAPSHOT-zip/lib/karibu-helloworld-application-maven-1.0-SNAPSHOT.jar!/META-INF/VAADIN/config/flow-build-info.json contains '"productionMode": true'
       2026-09-11 09:39:45.955 [main] INFO com.github.mvysny.vaadinboot.common.VaadinBootBase - Starting App
       Exception in thread "main" java.lang.NoClassDefFoundError: jakarta/servlet/ServletContext
       	at com.github.mvysny.vaadinboot.common.JettyWebServer.createWebAppContext(JettyWebServer.java:134)
       	at com.github.mvysny.vaadinboot.common.JettyWebServer.configure(JettyWebServer.java:82)
       	at com.github.mvysny.vaadinboot.common.VaadinBootBase.start(VaadinBootBase.java:306)
       	at com.github.mvysny.vaadinboot.common.VaadinBootBase.run(VaadinBootBase.java:255)
       	at org.vaadin.example.MainKt.main(Main.kt:19)
       	at org.vaadin.example.MainKt.main(Main.kt)
       Caused by: java.lang.ClassNotFoundException: jakarta.servlet.ServletContext
       	at java.base/jdk.internal.loader.BuiltinClassLoader.loadClass(BuiltinClassLoader.java:641)
       	at java.base/jdk.internal.loader.ClassLoaders$AppClassLoader.loadClass(ClassLoaders.java:188)
       	at java.base/java.lang.ClassLoader.loadClass(ClassLoader.java:526)
       	... 6 more
       Setting JAVA_TOOL_OPTIONS defaults based on dyno size. Custom settings will override them.
       Picked up JAVA_TOOL_OPTIONS: -Dfile.encoding=UTF-8 -XX:MaxRAMPercentage=80.0
       2026-09-11 09:39:46.565 [main] INFO com.github.mvysny.vaadinboot.common.Env - Vaadin production mode is on: jar:file:/app/target/karibu-helloworld-application-maven-1.0-SNAPSHOT-zip/lib/karibu-helloworld-application-maven-1.0-SNAPSHOT.jar!/META-INF/VAADIN/config/flow-build-info.json contains '"productionMode": true'
       2026-09-11 09:39:46.567 [main] INFO com.github.mvysny.vaadinboot.common.VaadinBootBase - Starting App
       Exception in thread "main" java.lang.NoClassDefFoundError: jakarta/servlet/ServletContext
       	at com.github.mvysny.vaadinboot.common.JettyWebServer.createWebAppContext(JettyWebServer.java:134)
       	at com.github.mvysny.vaadinboot.common.JettyWebServer.configure(JettyWebServer.java:82)
       	at com.github.mvysny.vaadinboot.common.VaadinBootBase.start(VaadinBootBase.java:306)
       	at com.github.mvysny.vaadinboot.common.VaadinBootBase.run(VaadinBootBase.java:255)
       	at org.vaadin.example.MainKt.main(Main.kt:19)
       	at org.vaadin.example.MainKt.main(Main.kt)
       Caused by: java.lang.ClassNotFoundException: jakarta.servlet.ServletContext
       	at java.base/jdk.internal.loader.BuiltinClassLoader.loadClass(BuiltinClassLoader.java:641)
       	at java.base/jdk.internal.loader.ClassLoaders$AppClassLoader.loadClass(ClassLoaders.java:188)
       	at java.base/java.lang.ClassLoader.loadClass(ClassLoader.java:526)
       	... 6 more
       Setting JAVA_TOOL_OPTIONS defaults based on dyno size. Custom settings will override them.
       Picked up JAVA_TOOL_OPTIONS: -Dfile.encoding=UTF-8 -XX:MaxRAMPercentage=80.0
       2026-09-11 09:39:47.215 [main] INFO com.github.mvysny.vaadinboot.common.Env - Vaadin production mode is on: jar:file:/app/target/karibu-helloworld-application-maven-1.0-SNAPSHOT-zip/lib/karibu-helloworld-application-maven-1.0-SNAPSHOT.jar!/META-INF/VAADIN/config/flow-build-info.json contains '"productionMode": true'
       2026-09-11 09:39:47.217 [main] INFO com.github.mvysny.vaadinboot.common.VaadinBootBase - Starting App
       Exception in thread "main" java.lang.NoClassDefFoundError: jakarta/servlet/ServletContext
       	at com.github.mvysny.vaadinboot.common.JettyWebServer.createWebAppContext(JettyWebServer.java:134)
       	at com.github.mvysny.vaadinboot.common.JettyWebServer.configure(JettyWebServer.java:82)
       	at com.github.mvysny.vaadinboot.common.VaadinBootBase.start(VaadinBootBase.java:306)
       	at com.github.mvysny.vaadinboot.common.VaadinBootBase.run(VaadinBootBase.java:255)
       	at org.vaadin.example.MainKt.main(Main.kt:19)
       	at org.vaadin.example.MainKt.main(Main.kt)
       Caused by: java.lang.ClassNotFoundException: jakarta.servlet.ServletContext
       	at java.base/jdk.internal.loader.BuiltinClassLoader.loadClass(BuiltinClassLoader.java:641)
       	at java.base/jdk.internal.loader.ClassLoaders$AppClassLoader.loadClass(ClassLoaders.java:188)
       	at java.base/java.lang.ClassLoader.loadClass(ClassLoader.java:526)
       	... 6 more
       Setting JAVA_TOOL_OPTIONS defaults based on dyno size. Custom settings will override them.
       Picked up JAVA_TOOL_OPTIONS: -Dfile.encoding=UTF-8 -XX:MaxRAMPercentage=80.0
       2026-09-11 09:39:48.045 [main] INFO com.github.mvysny.vaadinboot.common.Env - Vaadin production mode is on: jar:file:/app/target/karibu-helloworld-application-maven-1.0-SNAPSHOT-zip/lib/karibu-helloworld-application-maven-1.0-SNAPSHOT.jar!/META-INF/VAADIN/config/flow-build-info.json contains '"productionMode": true'
       2026-09-11 09:39:48.047 [main] INFO com.github.mvysny.vaadinboot.common.VaadinBootBase - Starting App
       Exception in thread "main" java.lang.NoClassDefFoundError: jakarta/servlet/ServletContext
       	at com.github.mvysny.vaadinboot.common.JettyWebServer.createWebAppContext(JettyWebServer.java:134)
       	at com.github.mvysny.vaadinboot.common.JettyWebServer.configure(JettyWebServer.java:82)
       	at com.github.mvysny.vaadinboot.common.VaadinBootBase.start(VaadinBootBase.java:306)
       	at com.github.mvysny.vaadinboot.common.VaadinBootBase.run(VaadinBootBase.java:255)
       	at org.vaadin.example.MainKt.main(Main.kt:19)
       	at org.vaadin.example.MainKt.main(Main.kt)
       Caused by: java.lang.ClassNotFoundException: jakarta.servlet.ServletContext
       	at java.base/jdk.internal.loader.BuiltinClassLoader.loadClass(BuiltinClassLoader.java:641)
       	at java.base/jdk.internal.loader.ClassLoaders$AppClassLoader.loadClass(ClassLoaders.java:188)
       	at java.base/java.lang.ClassLoader.loadClass(ClassLoader.java:526)
       	... 6 more
       Setting JAVA_TOOL_OPTIONS defaults based on dyno size. Custom settings will override them.
       Picked up JAVA_TOOL_OPTIONS: -Dfile.encoding=UTF-8 -XX:MaxRAMPercentage=80.0
       2026-09-11 09:39:49.519 [main] INFO com.github.mvysny.vaadinboot.common.Env - Vaadin production mode is on: jar:file:/app/target/karibu-helloworld-application-maven-1.0-SNAPSHOT-zip/lib/karibu-helloworld-application-maven-1.0-SNAPSHOT.jar!/META-INF/VAADIN/config/flow-build-info.json contains '"productionMode": true'
       2026-09-11 09:39:49.522 [main] INFO com.github.mvysny.vaadinboot.common.VaadinBootBase - Starting App
       Exception in thread "main" java.lang.NoClassDefFoundError: jakarta/servlet/ServletContext
       	at com.github.mvysny.vaadinboot.common.JettyWebServer.createWebAppContext(JettyWebServer.java:134)
       	at com.github.mvysny.vaadinboot.common.JettyWebServer.configure(JettyWebServer.java:82)
       	at com.github.mvysny.vaadinboot.common.VaadinBootBase.start(VaadinBootBase.java:306)
       	at com.github.mvysny.vaadinboot.common.VaadinBootBase.run(VaadinBootBase.java:255)
       	at org.vaadin.example.MainKt.main(Main.kt:19)
       	at org.vaadin.example.MainKt.main(Main.kt)
       Caused by: java.lang.ClassNotFoundException: jakarta.servlet.ServletContext
       	at java.base/jdk.internal.loader.BuiltinClassLoader.loadClass(BuiltinClassLoader.java:641)
       	at java.base/jdk.internal.loader.ClassLoaders$AppClassLoader.loadClass(ClassLoaders.java:188)
       	at java.base/java.lang.ClassLoader.loadClass(ClassLoader.java:526)
       	... 6 more
       Setting JAVA_TOOL_OPTIONS defaults based on dyno size. Custom settings will override them.
       Picked up JAVA_TOOL_OPTIONS: -Dfile.encoding=UTF-8 -XX:MaxRAMPercentage=80.0
       2026-09-11 09:39:51.749 [main] INFO com.github.mvysny.vaadinboot.common.Env - Vaadin production mode is on: jar:file:/app/target/karibu-helloworld-application-maven-1.0-SNAPSHOT-zip/lib/karibu-helloworld-application-maven-1.0-SNAPSHOT.jar!/META-INF/VAADIN/config/flow-build-info.json contains '"productionMode": true'
       2026-09-11 09:39:51.755 [main] INFO com.github.mvysny.vaadinboot.common.VaadinBootBase - Starting App
       Exception in thread "main" java.lang.NoClassDefFoundError: jakarta/servlet/ServletContext
       	at com.github.mvysny.vaadinboot.common.JettyWebServer.createWebAppContext(JettyWebServer.java:134)
       	at com.github.mvysny.vaadinboot.common.JettyWebServer.configure(JettyWebServer.java:82)
       	at com.github.mvysny.vaadinboot.common.VaadinBootBase.start(VaadinBootBase.java:306)
       	at com.github.mvysny.vaadinboot.common.VaadinBootBase.run(VaadinBootBase.java:255)
       	at org.vaadin.example.MainKt.main(Main.kt:19)
       	at org.vaadin.example.MainKt.main(Main.kt)
       Caused by: java.lang.ClassNotFoundException: jakarta.servlet.ServletContext
       	at java.base/jdk.internal.loader.BuiltinClassLoader.loadClass(BuiltinClassLoader.java:641)
       	at java.base/jdk.internal.loader.ClassLoaders$AppClassLoader.loadClass(ClassLoaders.java:188)
       	at java.base/java.lang.ClassLoader.loadClass(ClassLoader.java:526)
       	... 6 more
       Setting JAVA_TOOL_OPTIONS defaults based on dyno size. Custom settings will override them.
       Picked up JAVA_TOOL_OPTIONS: -Dfile.encoding=UTF-8 -XX:MaxRAMPercentage=80.0
       2026-09-11 09:39:55.584 [main] INFO com.github.mvysny.vaadinboot.common.Env - Vaadin production mode is on: jar:file:/app/target/karibu-helloworld-application-maven-1.0-SNAPSHOT-zip/lib/karibu-helloworld-application-maven-1.0-SNAPSHOT.jar!/META-INF/VAADIN/config/flow-build-info.json contains '"productionMode": true'
       2026-09-11 09:39:55.587 [main] INFO com.github.mvysny.vaadinboot.common.VaadinBootBase - Starting App
       Exception in thread "main" java.lang.NoClassDefFoundError: jakarta/servlet/ServletContext
       	at com.github.mvysny.vaadinboot.common.JettyWebServer.createWebAppContext(JettyWebServer.java:134)
       	at com.github.mvysny.vaadinboot.common.JettyWebServer.configure(JettyWebServer.java:82)
       	at com.github.mvysny.vaadinboot.common.VaadinBootBase.start(VaadinBootBase.java:306)
       	at com.github.mvysny.vaadinboot.common.VaadinBootBase.run(VaadinBootBase.java:255)
       	at org.vaadin.example.MainKt.main(Main.kt:19)
       	at org.vaadin.example.MainKt.main(Main.kt)
       Caused by: java.lang.ClassNotFoundException: jakarta.servlet.ServletContext
       	at java.base/jdk.internal.loader.BuiltinClassLoader.loadClass(BuiltinClassLoader.java:641)
       	at java.base/jdk.internal.loader.ClassLoaders$AppClassLoader.loadClass(ClassLoaders.java:188)
       	at java.base/java.lang.ClassLoader.loadClass(ClassLoader.java:526)
       	... 6 more
=====> End of hello container output (ccf91ed046fc web.1)
parallel: This job failed:
/var/lib/dokku/plugins/available/scheduler-docker-local/bin/scheduler-deploy-process-container hello herokuish dokku/hello:latest latest web 1 1

shepherd2: dokku git:sync --build hello file:///srv/probe-repos/karibu-helloworld-application-maven master failed

real	3m2.200s
user	0m6.781s
sys	0m6.072s
