       Fetching remote code for hello from file:///srv/probe-repos/karibu-helloworld-application-maven#
From file:///srv/probe-repos/karibu-helloworld-application-maven
 * branch            master     -> FETCH_HEAD
 + b993b72...c31e53f master     -> master  (forced update)
-----> Cleaning up...
-----> Building hello from herokuish
-----> Adding BUILD_ENV to build environment...
       BUILD_ENV added successfully
       -----> Fetching custom buildpack heroku/heroku-buildpack-java
Cloning into '/tmp/buildpacks/custom'...
       -----> Java app detected
-----> Installing Azul Zulu OpenJDK 21.0.12.1
-----> Executing Maven
       $ ./mvnw -DskipTests clean dependency:list install
       [INFO] Scanning for projects...
       [INFO]
       [INFO] ----------< com.example:karibu-helloworld-application-maven >-----------
       [INFO] Building Karibu-DSL HelloWorld Application for Maven 1.0-SNAPSHOT
       [INFO] --------------------------------[ jar ]---------------------------------
       [INFO]
       [INFO] --- maven-clean-plugin:2.5:clean (default-clean) @ karibu-helloworld-application-maven ---
       [INFO]
       [INFO] --- maven-dependency-plugin:2.8:list (default-cli) @ karibu-helloworld-application-maven ---
       [INFO]
       [INFO] --- maven-resources-plugin:2.6:resources (default-resources) @ karibu-helloworld-application-maven ---
       [INFO] Using 'UTF-8' encoding to copy filtered resources.
       [INFO] Copying 3 resources
       [INFO]
       [INFO] --- maven-compiler-plugin:3.13.0:compile (default-compile) @ karibu-helloworld-application-maven ---
       [INFO] Nothing to compile - all classes are up to date.
       [INFO]
       [INFO] --- kotlin-maven-plugin:2.4.10:compile (compile) @ karibu-helloworld-application-maven ---
       [INFO] starting the daemon as: /tmp/build/.jdk/bin/java -cp /cache/.m2/repository/org/jetbrains/kotlin/kotlin-build-tools-impl/2.4.10/kotlin-build-tools-impl-2.4.10.jar:/cache/.m2/repository/org/jetbrains/kotlin/kotlin-build-tools-api/2.4.10/kotlin-build-tools-api-2.4.10.jar:/cache/.m2/repository/org/jetbrains/kotlin/kotlin-stdlib/2.4.10/kotlin-stdlib-2.4.10.jar:/cache/.m2/repository/org/jetbrains/annotations/13.0/annotations-13.0.jar:/cache/.m2/repository/org/jetbrains/kotlin/kotlin-build-tools-cri-impl/2.4.10/kotlin-build-tools-cri-impl-2.4.10.jar:/cache/.m2/repository/org/jetbrains/kotlin/kotlin-compiler-embeddable/2.4.10/kotlin-compiler-embeddable-2.4.10.jar:/cache/.m2/repository/org/jetbrains/kotlin/kotlin-script-runtime/2.4.10/kotlin-script-runtime-2.4.10.jar:/cache/.m2/repository/org/jetbrains/kotlin/kotlin-reflect/1.6.10/kotlin-reflect-1.6.10.jar:/cache/.m2/repository/org/jetbrains/kotlin/kotlin-daemon-embeddable/2.4.10/kotlin-daemon-embeddable-2.4.10.jar:/cache/.m2/repository/org/jetbrains/kotlinx/kotlinx-coroutines-core-jvm/1.8.0/kotlinx-coroutines-core-jvm-1.8.0.jar:/cache/.m2/repository/org/jetbrains/kotlin/kotlin-compiler-runner/2.4.10/kotlin-compiler-runner-2.4.10.jar:/cache/.m2/repository/org/jetbrains/kotlin/kotlin-daemon-client/2.4.10/kotlin-daemon-client-2.4.10.jar:/cache/.m2/repository/org/jetbrains/kotlin/kotlin-scripting-compiler-embeddable/2.4.10/kotlin-scripting-compiler-embeddable-2.4.10.jar:/cache/.m2/repository/org/jetbrains/kotlin/kotlin-scripting-common/2.4.10/kotlin-scripting-common-2.4.10.jar:/cache/.m2/repository/org/jetbrains/kotlin/kotlin-scripting-jvm/2.4.10/kotlin-scripting-jvm-2.4.10.jar:/cache/.m2/repository/org/jetbrains/kotlin/kotlin-scripting-compiler-impl-embeddable/2.4.10/kotlin-scripting-compiler-impl-embeddable-2.4.10.jar -Djava.awt.headless=true -Djava.rmi.server.hostname=127.0.0.1 -Xmx1024m -XX:ReservedCodeCacheSize=320m -ea -Dkotlin.daemon.custom.run.files.path.for.tests=/tmp/build/.kotlin/daemon -XX:+UseCodeCacheFlushing -XX:+UseParallelGC -Dkotlin.daemon.initiator.marker.file=/tmp/kotlin-compiler-client-18327611840117279400-is-running --add-exports java.base/sun.nio.ch=ALL-UNNAMED org.jetbrains.kotlin.daemon.KotlinCompileDaemon --daemon-logsPath /tmp --daemon-logsFileSizeLimit=1048576 --daemon-logsFileCountLimit=3 --daemon-runFilesPath /tmp/build/.kotlin/daemon --daemon-autoshutdownIdleSeconds=7200 --daemon-shutdownDelayMilliseconds=1800000 --daemon-compilerClasspath /cache/.m2/repository/org/jetbrains/kotlin/kotlin-build-tools-impl/2.4.10/kotlin-build-tools-impl-2.4.10.jar:/cache/.m2/repository/org/jetbrains/kotlin/kotlin-build-tools-api/2.4.10/kotlin-build-tools-api-2.4.10.jar:/cache/.m2/repository/org/jetbrains/kotlin/kotlin-stdlib/2.4.10/kotlin-stdlib-2.4.10.jar:/cache/.m2/repository/org/jetbrains/annotations/13.0/annotations-13.0.jar:/cache/.m2/repository/org/jetbrains/kotlin/kotlin-build-tools-cri-impl/2.4.10/kotlin-build-tools-cri-impl-2.4.10.jar:/cache/.m2/repository/org/jetbrains/kotlin/kotlin-compiler-embeddable/2.4.10/kotlin-compiler-embeddable-2.4.10.jar:/cache/.m2/repository/org/jetbrains/kotlin/kotlin-script-runtime/2.4.10/kotlin-script-runtime-2.4.10.jar:/cache/.m2/repository/org/jetbrains/kotlin/kotlin-reflect/1.6.10/kotlin-reflect-1.6.10.jar:/cache/.m2/repository/org/jetbrains/kotlin/kotlin-daemon-embeddable/2.4.10/kotlin-daemon-embeddable-2.4.10.jar:/cache/.m2/repository/org/jetbrains/kotlinx/kotlinx-coroutines-core-jvm/1.8.0/kotlinx-coroutines-core-jvm-1.8.0.jar:/cache/.m2/repository/org/jetbrains/kotlin/kotlin-compiler-runner/2.4.10/kotlin-compiler-runner-2.4.10.jar:/cache/.m2/repository/org/jetbrains/kotlin/kotlin-daemon-client/2.4.10/kotlin-daemon-client-2.4.10.jar:/cache/.m2/repository/org/jetbrains/kotlin/kotlin-scripting-compiler-embeddable/2.4.10/kotlin-scripting-compiler-embeddable-2.4.10.jar:/cache/.m2/repository/org/jetbrains/kotlin/kotlin-scripting-common/2.4.10/kotlin-scripting-common-2.4.10.jar:/cache/.m2/repository/org/jetbrains/kotlin/kotlin-scripting-jvm/2.4.10/kotlin-scripting-jvm-2.4.10.jar:/cache/.m2/repository/org/jetbrains/kotlin/kotlin-scripting-compiler-impl-embeddable/2.4.10/kotlin-scripting-compiler-impl-embeddable-2.4.10.jar
       [INFO] #1 retrying connecting to the daemon
       [INFO] Options for KOTLIN DAEMON: CompilationOptions(compilerMode=NON_INCREMENTAL_COMPILER, targetPlatform=JVM, reportCategories=[0], reportSeverity=2, requestedCompilationResults=[0], kotlinScriptExtensions=null, generateCompilerRefIndex=false)
       [INFO]
       [INFO] --- maven-resources-plugin:2.6:testResources (default-testResources) @ karibu-helloworld-application-maven ---
       [INFO] Using 'UTF-8' encoding to copy filtered resources.
       [INFO] skip non existing resourceDirectory /tmp/build/src/test/resources
       [INFO]
       [INFO] --- maven-compiler-plugin:3.13.0:testCompile (default-testCompile) @ karibu-helloworld-application-maven ---
       [INFO] Recompiling the module because of changed dependency.
       [INFO]
       [INFO] --- kotlin-maven-plugin:2.4.10:test-compile (test-compile) @ karibu-helloworld-application-maven ---
       [INFO] Options for KOTLIN DAEMON: CompilationOptions(compilerMode=NON_INCREMENTAL_COMPILER, targetPlatform=JVM, reportCategories=[0], reportSeverity=2, requestedCompilationResults=[0], kotlinScriptExtensions=null, generateCompilerRefIndex=false)
       [INFO]
       [INFO] --- maven-surefire-plugin:3.3.1:test (default-test) @ karibu-helloworld-application-maven ---
       [INFO] Tests are skipped.
       [INFO]
       [INFO] --- vaadin-maven-plugin:25.2.6:build-frontend (default) @ karibu-helloworld-application-maven ---
       [INFO] ClassFinder initialized: 129 urls, 8591 classes scanned, 69 annotation types cached, 1864 subtype relationships cached, took 746ms
       [INFO] Scanning classes to find frontend configurations and dependencies...
       [INFO] Visited 2008 classes. Took 1152 ms.
       [INFO] Checking if a production mode bundle build is needed
       [INFO] A production mode bundle build is not needed
       [INFO] Copying frontend resources from jar files ...
       [INFO] Visited 139 resources. Took 107 ms.
       [INFO] PWA icons generated
       [INFO] Build frontend completed in 2950 ms.
       [INFO]
       [INFO] --- maven-jar-plugin:2.4:jar (default-jar) @ karibu-helloworld-application-maven ---
       [INFO] Building jar: /tmp/build/target/karibu-helloworld-application-maven-1.0-SNAPSHOT.jar
       [INFO]
       [INFO] --- maven-assembly-plugin:3.7.1:single (make-assembly) @ karibu-helloworld-application-maven ---
       [INFO] Reading assembly descriptor: src/main/assembly/zip.xml
       [INFO] Building zip: /tmp/build/target/karibu-helloworld-application-maven-1.0-SNAPSHOT-zip.zip
       [INFO] Building tar: /tmp/build/target/karibu-helloworld-application-maven-1.0-SNAPSHOT-zip.tar.gz
       [INFO] Copying files to /tmp/build/target/karibu-helloworld-application-maven-1.0-SNAPSHOT-zip
       [INFO] 128 files copied to /tmp/build/target/karibu-helloworld-application-maven-1.0-SNAPSHOT-zip
       [WARNING] Assembly file: /tmp/build/target/karibu-helloworld-application-maven-1.0-SNAPSHOT-zip is not a regular file (it may be a directory). It cannot be attached to the project build for installation or deployment.
       [INFO]
       [INFO] --- maven-install-plugin:2.4:install (default-install) @ karibu-helloworld-application-maven ---
       [INFO] Installing /tmp/build/target/karibu-helloworld-application-maven-1.0-SNAPSHOT.jar to /cache/.m2/repository/com/example/karibu-helloworld-application-maven/1.0-SNAPSHOT/karibu-helloworld-application-maven-1.0-SNAPSHOT.jar
       [INFO] Installing /tmp/build/pom.xml to /cache/.m2/repository/com/example/karibu-helloworld-application-maven/1.0-SNAPSHOT/karibu-helloworld-application-maven-1.0-SNAPSHOT.pom
       [INFO] Installing /tmp/build/target/karibu-helloworld-application-maven-1.0-SNAPSHOT-zip.zip to /cache/.m2/repository/com/example/karibu-helloworld-application-maven/1.0-SNAPSHOT/karibu-helloworld-application-maven-1.0-SNAPSHOT-zip.zip
       [INFO] Installing /tmp/build/target/karibu-helloworld-application-maven-1.0-SNAPSHOT-zip.tar.gz to /cache/.m2/repository/com/example/karibu-helloworld-application-maven/1.0-SNAPSHOT/karibu-helloworld-application-maven-1.0-SNAPSHOT-zip.tar.gz
       [INFO] ------------------------------------------------------------------------
       [INFO] BUILD SUCCESS
       [INFO] ------------------------------------------------------------------------
       [INFO] Total time:  12.882 s
       [INFO] Finished at: 2026-09-11T10:05:58Z
       [INFO] ------------------------------------------------------------------------
       -----> Discovering process types
       Procfile declares types -> web
-----> Releasing hello...
-----> Checking for predeploy task
       No predeploy task found, skipping
-----> Checking for release task
       No release task found, skipping
=====> Processing deployment checks
 !     No healthchecks found in app.json for web process type
       No web healthchecks found in app.json. Simple container checks will be performed.
       For more efficient zero downtime deployments, add healthchecks to your app.json. See https://dokku.com/docs/deployment/zero-downtime-deploys/ for examples
-----> Deploying hello via the docker-local scheduler...
-----> Deploying web (count=1)
       Attempting pre-flight checks (web.1)
-----> Executing 2 healthchecks
       Running healthcheck name='default' type='uptime' uptime=10
       Running healthcheck name='port listening check' attempts=3 port=5000 retries=2 timeout=5 type='listening' wait=5
       Healthcheck succeeded name='port listening check'
       Healthcheck succeeded name='default'
       All checks successful (web.1)
=====> Start of hello container output (37d0f33c73cb web.1)
       Setting JAVA_TOOL_OPTIONS defaults based on dyno size. Custom settings will override them.
       Picked up JAVA_TOOL_OPTIONS: -Dfile.encoding=UTF-8 -XX:MaxRAMPercentage=80.0
       2026-09-11 10:06:15.941 [main] INFO com.github.mvysny.vaadinboot.common.Env - Vaadin production mode is on: jar:file:/app/target/karibu-helloworld-application-maven-1.0-SNAPSHOT-zip/lib/karibu-helloworld-application-maven-1.0-SNAPSHOT.jar!/META-INF/VAADIN/config/flow-build-info.json contains '"productionMode": true'
       2026-09-11 10:06:15.944 [main] INFO com.github.mvysny.vaadinboot.common.VaadinBootBase - Starting App
       2026-09-11 10:06:16.222 [main] INFO com.github.mvysny.vaadinboot.common.Env - WebRoot is served from jar:file:/app/target/karibu-helloworld-application-maven-1.0-SNAPSHOT-zip/lib/karibu-helloworld-application-maven-1.0-SNAPSHOT.jar!/webapp
       2026-09-11 10:06:16.253 [main] INFO com.github.mvysny.vaadinboot.common.JettyWebServer - Configuring Jetty to use JVM 21+ virtual threads
       2026-09-11 10:06:18.737 [main] INFO com.vaadin.flow.server.startup.ServletDeployer - Automatically deploying Vaadin servlet with name com.vaadin.flow.server.startup.ServletDeployer to /*
       2026-09-11 10:06:18.971 [main] INFO com.vaadin.flow.server.DefaultDeploymentConfiguration - Vaadin is running in production mode.
       =================================================
       Started in PT3.114S. Running on Java: Azul Systems, Inc. 21.0.12.1, major version 21, OS: amd64 Linux 7.0.0-31-generic. PID: 168
       Please open http://localhost:5000 in your browser.
       =================================================
       Press ENTER or CTRL+C to shutdown
       No stdin available. press CTRL+C to shutdown
=====> End of hello container output (37d0f33c73cb web.1)
=====> Triggering early nginx proxy rebuild
-----> Running post-deploy
-----> Ensuring network configuration is in sync for hello
-----> Configuring hello.shepherd2.test...(using built-in template)
-----> Creating http nginx.conf
       Reloading nginx
-----> Renaming containers
       Renaming container hello.web.1.upcoming-8948 (37d0f33c73cb) to hello.web.1
-----> Checking for postdeploy task
       No postdeploy task found, skipping
=====> Application deployed:
       http://hello.shepherd2.test


real	1m2.318s
user	0m11.257s
sys	0m10.399s
