       Fetching remote code for gradle-a from https://github.com/mvysny/karibu-helloworld-application#
From https://github.com/mvysny/karibu-helloworld-application
 * branch            master     -> FETCH_HEAD
-----> Cleaning up...
-----> Building gradle-a from herokuish
-----> Adding BUILD_ENV to build environment...
       BUILD_ENV added successfully
[1G       [1G-----> Fetching custom buildpack heroku/heroku-buildpack-gradle
Cloning into '/tmp/buildpacks/custom'...
[1G       [1G-----> Gradle app detected
[1G-----> Installing Azul Zulu OpenJDK 21.0.12.1
[1G-----> Starting Gradle daemon
[1G-----> Executing Gradle
[1G       $ ./gradlew clean installDist -Pvaadin.productionMode
[1G       > Task :clean UP-TO-DATE
[1G       > Task :checkKotlinGradlePluginConfigurationErrors SKIPPED
[1G       > Task :compileKotlin FROM-CACHE
[1G       > Task :compileJava NO-SOURCE
[1G       > Task :processResources
[1G       > Task :vaadinBuildFrontend
[1G       > Task :classes
[1G       > Task :jar
[1G       > Task :startScripts
[1G       > Task :installDist
[1G       
[1G       BUILD SUCCESSFUL in 33s
[1G       7 actionable tasks: 5 executed, 1 from cache, 1 up-to-date
[1G       Consider enabling configuration cache to speed up this build: https://docs.gradle.org/9.5.1/userguide/configuration_cache_enabling.html
[1G-----> Stopping Gradle daemon
[1G       [1G-----> Discovering process types
[1G       Procfile declares types -> web
-----> Releasing gradle-a...
-----> Checking for predeploy task
       No predeploy task found, skipping
-----> Checking for release task
       No release task found, skipping
=====> Processing deployment checks
[1m[31m !     [0m[0mNo healthchecks found in app.json for web process type
       No web healthchecks found in app.json. Simple container checks will be performed.
       For more efficient zero downtime deployments, add healthchecks to your app.json. See https://dokku.com/docs/deployment/zero-downtime-deploys/ for examples
-----> Deploying gradle-a via the docker-local scheduler...
-----> Deploying web (count=1)
       Attempting pre-flight checks (web.1)
-----> Executing 2 healthchecks
       Running healthcheck name='default' type='uptime' uptime=10
       Running healthcheck name='port listening check' attempts=3 port=5000 retries=2 timeout=5 type='listening' wait=5
       Healthcheck succeeded name='port listening check'
       Healthcheck succeeded name='default'
       All checks successful (web.1)
=====> Start of gradle-a container output (5f4021c8eea6 web.1)
       Setting JAVA_TOOL_OPTIONS defaults based on dyno size. Custom settings will override them.
       Picked up JAVA_TOOL_OPTIONS: -Dfile.encoding=UTF-8 -XX:MaxRAMPercentage=80.0
       2026-09-11 10:16:58.317 [main] INFO com.github.mvysny.vaadinboot.common.Env - Vaadin production mode is on: jar:file:/app/build/install/karibu-helloworld-application/lib/karibu-helloworld-application.jar!/META-INF/VAADIN/config/flow-build-info.json contains '"productionMode": true'
       2026-09-11 10:16:58.321 [main] INFO com.github.mvysny.vaadinboot.common.VaadinBootBase - Starting App
       2026-09-11 10:16:58.698 [main] INFO com.github.mvysny.vaadinboot.common.Env - WebRoot is served from jar:file:/app/build/install/karibu-helloworld-application/lib/karibu-helloworld-application.jar!/webapp
       2026-09-11 10:16:58.782 [main] INFO com.github.mvysny.vaadinboot.common.JettyWebServer - Configuring Jetty to use JVM 21+ virtual threads
       2026-09-11 10:17:01.811 [main] INFO com.vaadin.flow.server.startup.ServletDeployer - Automatically deploying Vaadin servlet with name com.vaadin.flow.server.startup.ServletDeployer to /*
       2026-09-11 10:17:02.079 [main] INFO com.vaadin.flow.server.DefaultDeploymentConfiguration - Vaadin is running in production mode.
       =================================================
       Started in PT3.87S. Running on Java: Azul Systems, Inc. 21.0.12.1, major version 21, OS: amd64 Linux 7.0.0-31-generic. PID: 16
       Please open http://localhost:5000 in your browser.
       =================================================
       Press ENTER or CTRL+C to shutdown
       No stdin available. press CTRL+C to shutdown
=====> End of gradle-a container output (5f4021c8eea6 web.1)
       Scheduling old container shutdown in 60 seconds (web.1)
=====> Triggering early nginx proxy rebuild
-----> Ensuring network configuration is in sync for gradle-a
-----> Configuring gradle-a.shepherd2.test...(using built-in template)
-----> Creating http nginx.conf
       Reloading nginx
-----> Running post-deploy
-----> Ensuring network configuration is in sync for gradle-a
-----> Configuring gradle-a.shepherd2.test...(using built-in template)
-----> Creating http nginx.conf
       Reloading nginx
-----> Renaming containers
       Found previous container(s) (43c1a96c1845) named gradle-a.web.1
       Renaming container (43c1a96c1845) gradle-a.web.1 to gradle-a.web.1.1789121835
       Renaming container gradle-a.web.1.upcoming-15720 (5f4021c8eea6) to gradle-a.web.1
-----> Checking for postdeploy task
       No postdeploy task found, skipping
-----> Shutting down old containers in 60 seconds
=====> Application deployed:
       http://gradle-a.shepherd2.test


real	1m37.173s
user	0m12.905s
sys	0m12.305s
