
==> Preflight
    Ubuntu 24.04
    hostname: mavi-fw-vm-sh2
    mode: http
    domain: shepherd2.test — apps will be served at NAME.shepherd2.test
    no certificate will be issued; apps are served over plain http on port 80
    the client resolves NAME.shepherd2.test — an /etc/hosts entry is enough

==> Docker, from Ubuntu's archive
    docker: Docker version 29.1.3, build 29.1.3-0ubuntu3~24.04.2

==> Prerequisites

==> Dokku 0.38.27
    (already done) packagecloud signing key
    (already done) dokku apt source
    (already done) dokku 0.38.27 is installed
    dokku: dokku version 0.38.27

==> Docker address pools
    (already done) /etc/docker/daemon.json already sets default-address-pools

==> Admin key and global domain
SHA256:MpOh5a0NVFB9/LjSfrKy61bQGzXGXJjDxCUViqozXtk
    authorised /home/mavi/.ssh/id_ed25519.pub as admin
-----> Set shepherd2.test
    global domain: shepherd2.test

==> Global Dokku properties
=====> Setting selected to herokuish
    builder: herokuish, globally
=====> Setting restart-policy to always
    restart policy: always

==> TLS: http mode, nothing to install

==> Ruby and the shepherd2 CLI
    ruby: ruby 3.2.3 (2024-01-18 revision 52bb2ac0a6) [x86_64-linux-gnu]
    installed /usr/local/bin/shepherd2

==> Cron
    /etc/cron.d/shepherd2: poll every 5 minutes, prune weekly

==> Recording the install mode
-----> Setting config vars
       SHEPHERD_TLS_MODE:  http
    SHEPHERD_TLS_MODE=http

==> Done
    Register a project:  shepherd2 create-app demo https://github.com/you/demo main
    It will be served at http://demo.shepherd2.test once its first build succeeds —
    point demo.shepherd2.test at this box in the client's /etc/hosts.
