
[1m==> Preflight[0m
    SHEPHERD_TLS_MODE=http

[1m==> This will destroy every hosted project[0m
    apps: gradle-a hello 
    their containers, build caches, networks and logs go with them

[1m==> Cron[0m
    removed /etc/cron.d/shepherd2

[1m==> The shepherd2 CLI[0m
    removed /usr/local/bin/shepherd2
    ruby is left installed: it is an archive package other things may share

[1m==> Certificate machinery[0m
    http mode: nothing was installed, nothing to remove

[1m==> Projects[0m
    destroying gradle-a
-----> Destroying gradle-a (including all add-ons)
-----> Cleaning up...
-----> Retiring old containers and images
       Attempting to retire gradle-a container 449534e4bb2cc66efdc5a4294632f29022a64562b4b5db5af8b4578f67e11d1f
-----> Destroying network app-gradle-a
    destroying hello
-----> Destroying hello (including all add-ons)
-----> Cleaning up...
-----> Retiring old containers and images
-----> Destroying network app-hello

[1m==> Dokku[0m
    purged dokku
    removed /etc/apt/sources.list.d/dokku.list
    removed /usr/share/keyrings/dokku-archive-keyring.asc
[33mwarning: /home/dokku still exists (1.5M); remove it by hand once
       you are sure you want none of it[0m

[1m==> Docker address pools[0m
[33mwarning: /etc/docker/daemon.json is not what the install wrote; leaving it alone.
       Remove the default-address-pools stanza by hand if you want Docker's defaults back.[0m

[1m==> Docker[0m
    purged docker.io docker-buildx docker-compose-v2
    images, volumes and networks under /var/lib/docker are removed with the package

[1m==> Done[0m
    this box no longer runs Shepherd2. ruby, /home/dokku (if any) and nginx's emptied
    sites-enabled are what is left of it.
