shepherd2: app demo already exists
-----> Setting config vars
       SHEPHERD_GIT_URL:  https://github.com/heroku/node-js-getting-started
       SHEPHERD_OWNER:    mavi@vaadin.com
=====> Setting resource limits for demo
       cpu: 1
       memory: 256m
=====> Setting resource limits for demo (build)
       cpu: 2
       memory: 2g
shepherd2: network app-demo already exists
=====> Setting initial-network to app-demo
-----> Cloning demo from https://github.com/heroku/node-js-getting-started#main
       Detected branch, setting deploy-branch to main
-----> Cleaning up...
-----> Building demo from herokuish
-----> Setting config vars
       CURL_CONNECT_TIMEOUT:  90
-----> Setting config vars
       CURL_TIMEOUT:  600
-----> Adding BUILD_ENV to build environment...
       BUILD_ENV added successfully
[1G       [1G-----> Fetching custom buildpack heroku/heroku-buildpack-nodejs
Cloning into '/tmp/buildpacks/custom'...
[1G       [1G-----> Node.js app detected
[1G       
[1G-----> Creating runtime environment
[1G       
[1G       NPM_CONFIG_LOGLEVEL=error
[1G       NODE_VERBOSE=false
[1G       NODE_ENV=production
[1G       NODE_MODULES_CACHE=true
[1G       
[1G-----> Installing binaries
[1G       engines.node (package.json):   22.x || 24.x || 26.x
[1G       engines.npm (package.json):    12.x
[1G       
[1G       Resolving node version 22.x || 24.x || 26.x...

[1;33m !     The resolved Node.js version has been limited to the Active LTS (24.21.0) for the requested range of `22.x || 24.x || 26.x`.[0m
[1;33m !     To opt-out of this behavior, set the following config var: `NODEJS_ALLOW_WIDE_RANGE=true`[0m
[1;33m !     https://devcenter.heroku.com/articles/nodejs-support#supported-node-js-versions[0m

[1G       Downloading and installing node 24.21.0...
[1G       Validating checksum
[1G       Bootstrapping npm 12.x (replacing 11.19.0)...
[1G       npm 12.0.2 installed
[1G       
[1G-----> Installing dependencies
[1G       Installing node modules
[1G       
[1G       added 345 packages, and audited 346 packages in 3s
[1G       
[1G       68 packages are looking for funding
[1G       run `npm fund` for details
[1G       
[1G       found 0 vulnerabilities
[1G       
[1G-----> Build
[1G       
[1G-----> Caching build
[1G       - npm cache
[1G       
[1G-----> Pruning devDependencies
[1G       
[1G       removed 276 packages, and audited 70 packages in 679ms
[1G       
[1G       20 packages are looking for funding
[1G       run `npm fund` for details
[1G       
[1G       found 0 vulnerabilities
[1G       [1G-----> Discovering process types
[1G       Procfile declares types -> web
-----> Releasing demo...
-----> Checking for predeploy task
       No predeploy task found, skipping
-----> Checking for release task
       No release task found, skipping
-----> Checking for heroku.postdeploy task
       No heroku.postdeploy task found, skipping
=====> Processing deployment checks
[1m[31m !     [0m[0mNo healthchecks found in app.json for web process type
       No web healthchecks found in app.json. Simple container checks will be performed.
       For more efficient zero downtime deployments, add healthchecks to your app.json. See https://dokku.com/docs/deployment/zero-downtime-deploys/ for examples
-----> Deploying demo via the docker-local scheduler...
-----> Deploying web (count=1)
       Attempting pre-flight checks (web.1)
-----> Executing 2 healthchecks
       Running healthcheck name='default' type='uptime' uptime=10
       Running healthcheck name='port listening check' attempts=3 port=5000 retries=2 timeout=5 type='listening' wait=5
       Healthcheck succeeded name='port listening check'
       Healthcheck succeeded name='default'
       All checks successful (web.1)
=====> Start of demo container output (ef1d5e418137 web.1)
       Listening on 5000
=====> End of demo container output (ef1d5e418137 web.1)
=====> Triggering early nginx proxy rebuild
-----> Ensuring network configuration is in sync for demo
-----> Configuring demo.shepherd2.test...(using built-in template)
-----> Creating http nginx.conf
       Reloading nginx
-----> Running post-deploy
-----> Ensuring network configuration is in sync for demo
-----> Configuring demo.shepherd2.test...(using built-in template)
-----> Creating http nginx.conf
       Reloading nginx
-----> Renaming containers
       Renaming container demo.web.1.upcoming-32003 (ef1d5e418137) to demo.web.1
-----> Checking for postdeploy task
       No postdeploy task found, skipping
=====> Application deployed:
       http://demo.shepherd2.test

